
> fruitbowl-client@0.1.0 build
> react-scripts build

Creating an optimized production build...
Compiled with warnings.

[eslint] 
src\pages\CartPage.js
  Line 56:9:  'removeFromCart' is assigned a value but never used  no-unused-vars
  Line 92:9:  'handlePayment' is assigned a value but never used   no-unused-vars

src\pages\CheckoutPage.js
  Line 19:6:  React Hook useEffect has a missing dependency: 'checkAuthAndLoadData'. Either include it or remove the dependency array  react-hooks/exhaustive-deps

src\pages\ProductDetailPage.js
  Line 23:6:  React Hook useEffect has missing dependencies: 'checkUserAuth', 'checkWishlistStatus', and 'loadProductData'. Either include them or remove the dependency array  react-hooks/exhaustive-deps

Search for the keywords to learn more about each warning.
To ignore, add // eslint-disable-next-line to the line before.

File sizes after gzip:

  174.01 kB  build\static\js\main.9dced98d.js
  8.11 kB    build\static\css\main.0cde4d2c.css

The project was built assuming it is hosted at /.
You can control this with the homepage field in your package.json.

The build folder is ready to be deployed.
You may serve it with a static server:

  npm install -g serve
  serve -s build

Find out more about deployment here:

  https://cra.link/deployment

